// Jest Snapshot v1, https://goo.gl/fbAQLP

exports[`<DateText /> - Core Date Display should match snapshot 1`] = `
<Text
  style={
    [
      {
        "color": "#8A8A8A",
        "fontFamily": "Palanquin",
        "fontSize": 14,
        "lineHeight": 18,
        "textAlign": "center",
      },
      undefined,
    ]
  }
>
  Tuesday, May 13
</Text>
`;
